node.exe : 
At line:1 char:1
+ & "C:\Program Files\nodejs/node.exe" "C:\Program Files\nodejs/node_mo ...
+ ~~~~~~~~~~~~~~~~~~~~~~~~~~~~~~~~~~~~~~~~~~~~~~~~~~~~~~~~~~~~~~~~~~~~~
    + CategoryInfo          : NotSpecified: (:String) [], RemoteException
    + FullyQualifiedErrorId : NativeCommandError
 
> Build error occurred
Error: EINVAL: invalid argument, readlink 'C:\Users\sathya\OneDrive\Desktop\Ramayan Tours and 
Travels\.next\server\app\blog'
    at async Object.readlink (node:internal/fs/promises:971:10)
    at async C:\Users\sathya\OneDrive\Desktop\Ramayan Tours and 
Travels\node_modules\next\dist\lib\recursive-delete.js:58:30
    at async Promise.all (index 2)
    at async recursiveDelete (C:\Users\sathya\OneDrive\Desktop\Ramayan Tours and 
Travels\node_modules\next\dist\lib\recursive-delete.js:51:5)
    at async C:\Users\sathya\OneDrive\Desktop\Ramayan Tours and 
Travels\node_modules\next\dist\lib\recursive-delete.js:68:17
    at async Promise.all (index 0)
    at async recursiveDelete (C:\Users\sathya\OneDrive\Desktop\Ramayan Tours and 
Travels\node_modules\next\dist\lib\recursive-delete.js:51:5)
    at async C:\Users\sathya\OneDrive\Desktop\Ramayan Tours and 
Travels\node_modules\next\dist\lib\recursive-delete.js:68:17
    at async Promise.all (index 7)
    at async recursiveDelete (C:\Users\sathya\OneDrive\Desktop\Ramayan Tours and 
Travels\node_modules\next\dist\lib\recursive-delete.js:51:5) {
  errno: -4071,
  code: 'EINVAL',
  syscall: 'readlink',
  path: 'C:\\Users\\sathya\\OneDrive\\Desktop\\Ramayan Tours and 
Travels\\.next\\server\\app\\blog'
}
